// Jest Snapshot v1, https://goo.gl/fbAQLP

exports[` Comment  component check the snapshot 1`] = `
<div
  className="commentWrapper"
>
  <div
    className="rowView"
  >
    <img
      alt="profile"
      className="Avatar"
      src="/img/catAvatr.png"
    />
    <div
      className="columnView"
    >
      <div
        className="rowView mb1"
      >
        <div
          className="darkGrey boldText"
        >
          TestName
        </div>
        <div
          className="uppercaseText smallFont paddingXsm"
        >
          <span
            className="tagStyle"
          >
            author
          </span>
        </div>
        <div
          className="uppercaseText mediumGrey smallFont rowView centerAligned"
        >
          <svg
            aria-hidden="true"
            className="svg-inline--fa fa-circle fa-w-16 iconXs paddingXsm "
            data-icon="circle"
            data-prefix="fas"
            focusable="false"
            role="img"
            style={Object {}}
            viewBox="0 0 512 512"
            xmlns="http://www.w3.org/2000/svg"
          >
            <path
              d="M256 8C119 8 8 119 8 256s111 248 248 248 248-111 248-248S393 8 256 8z"
              fill="currentColor"
              style={Object {}}
            />
          </svg>
          2 minutes ago
        </div>
      </div>
      <p
        className="marginY0 mb1"
      >
        So what the German automaker is likely to focus on today is the bigger picture. This will be the first time we see the Taycan free from prototype bodyworks.
      </p>
      <div
        className="rowView"
      >
        <div
          className="uppercaseText lightGrey smallFont hoverComment pointer"
          onClick={[Function]}
        >
          reply
        </div>
        <div
          className="uppercaseText lightGrey smallFont paddingXRegular hoverComment pointer"
        >
          <span
            className="mediumGrey hoverComment "
          >
            21
          </span>
           replies
        </div>
        <div
          className="uppercaseText lightGrey smallFont paddingXRegular rowView centerAligned hoverComment pointer"
        >
          <svg
            aria-hidden="true"
            className="svg-inline--fa fa-chevron-up fa-w-14 regularFont paddingXsm"
            data-icon="chevron-up"
            data-prefix="fas"
            focusable="false"
            role="img"
            style={Object {}}
            viewBox="0 0 448 512"
            xmlns="http://www.w3.org/2000/svg"
          >
            <path
              d="M240.971 130.524l194.343 194.343c9.373 9.373 9.373 24.569 0 33.941l-22.667 22.667c-9.357 9.357-24.522 9.375-33.901.04L224 227.495 69.255 381.516c-9.379 9.335-24.544 9.317-33.901-.04l-22.667-22.667c-9.373-9.373-9.373-24.569 0-33.941L207.03 130.525c9.372-9.373 24.568-9.373 33.941-.001z"
              fill="currentColor"
              style={Object {}}
            />
          </svg>
          123
        </div>
        <div
          className="uppercaseText lightGrey smallFont paddingXRegular rowView centerAligned hoverComment pointer"
        >
          <svg
            aria-hidden="true"
            className="svg-inline--fa fa-chevron-down fa-w-14 regularFont paddingXsm"
            data-icon="chevron-down"
            data-prefix="fas"
            focusable="false"
            role="img"
            style={Object {}}
            viewBox="0 0 448 512"
            xmlns="http://www.w3.org/2000/svg"
          >
            <path
              d="M207.029 381.476L12.686 187.132c-9.373-9.373-9.373-24.569 0-33.941l22.667-22.667c9.357-9.357 24.522-9.375 33.901-.04L224 284.505l154.745-154.021c9.379-9.335 24.544-9.317 33.901.04l22.667 22.667c9.373 9.373 9.373 24.569 0 33.941L240.971 381.476c-9.373 9.372-24.569 9.372-33.942 0z"
              fill="currentColor"
              style={Object {}}
            />
          </svg>
          0
        </div>
      </div>
    </div>
  </div>
</div>
`;
