// Jest Snapshot v1, https://goo.gl/fbAQLP

exports[` Avatar componrnt tests avatar component snapshot 1`] = `
<img
  alt="profile"
  className="Avatar"
  src="/img/catAvatr.png"
/>
`;
